// Jest Snapshot v1, https://goo.gl/fbAQLP

exports[`SelectProject After successfully loading should match the known snapshot 1`] = `
<div
  className="makeStyles-container-88"
>
  <div
    className="makeStyles-container-92"
  >
    <div
      style={
        Object {
          "fontSize": 64,
        }
      }
    >
      <svg
        aria-hidden="true"
        className="MuiSvgIcon-root-94 MuiSvgIcon-colorAction-97 MuiSvgIcon-fontSizeInherit-100"
        focusable="false"
        role="presentation"
        viewBox="0 0 24 24"
      >
        <path
          d="M0 0h24v24H0V0z"
          fill="none"
        />
        <path
          d="M11 15h2v2h-2zm0-8h2v6h-2zm.99-5C6.47 2 2 6.48 2 12s4.47 10 9.99 10C17.52 22 22 17.52 22 12S17.52 2 11.99 2zM12 20c-4.42 0-8-3.58-8-8s3.58-8 8-8 8 3.58 8 8-3.58 8-8 8z"
        />
      </svg>
    </div>
    <h5
      className="MuiTypography-root-17 MuiTypography-h5-26 makeStyles-section-93"
    >
      Unexpected error
    </h5>
    <p
      className="MuiTypography-root-17 MuiTypography-body1-19 makeStyles-section-93"
    >
      <div
        className="makeStyles-messageContainer-91"
      >
        <p>
          The error we received was:
        </p>
        <div
          className="MuiPaper-root-104 MuiPaper-elevation1-107 MuiPaper-rounded-105 MuiCard-root-103 makeStyles-errorContainer-90"
        >
          <div
            className="MuiCardContent-root-131 makeStyles-codeBlock-78"
          >
            Invariant Violation: mockConstructor(...): Nothing was returned from render. This usually means a return statement is missing. Or, to render nothing, return null.
          </div>
        </div>
        <p>
          There may be additional information in the browser console.
        </p>
      </div>
    </p>
  </div>
</div>
`;

exports[`SelectProject while loading should match the known snapshot 1`] = `
<div
  className="makeStyles-container-4 large"
>
  <div
    className="MuiCircularProgress-root-5 MuiCircularProgress-colorPrimary-8 MuiCircularProgress-indeterminate-7"
    role="progressbar"
    style={
      Object {
        "height": 96,
        "width": 96,
      }
    }
  >
    <svg
      className="MuiCircularProgress-svg-10"
      viewBox="22 22 44 44"
    >
      <circle
        className="MuiCircularProgress-circle-11 MuiCircularProgress-circleIndeterminate-13"
        cx={44}
        cy={44}
        fill="none"
        r={20.2}
        strokeWidth={3.6}
        style={Object {}}
      />
    </svg>
  </div>
</div>
`;
